[sadim2.github.io/wordpress12/index.html]
[backblue.gif]
[fade.gif]
[index.html]
[sadim2.github.io/wordpress12/index.php/feed/index.html]
[sadim2.github.io/wordpress12/wp-content/themes/astra/assets/css/minified/style.minc141.css]
[sadim2.github.io/wordpress12/wp-content/themes/astra/assets/fonts/astra.woff]
[sadim2.github.io/wordpress12/index.php/comments/feed/index.html]
[sadim2.github.io/wordpress12/wp-content/plugins/header-footer-elementor/assets/css/header-footer-elementore225.css]
[sadim2.github.io/wordpress12/wp-includes/css/dist/block-library/style.mind03b.css]
[sadim2.github.io/wordpress12/wp-content/plugins/elementor/assets/lib/eicons/css/elementor-icons.min74e5.css]
[sadim2.github.io/wordpress12/wp-content/plugins/elementor/assets/lib/animations/animations.minc578.css]
[sadim2.github.io/wordpress12/wp-content/plugins/elementor/assets/css/frontend-legacy.minc578.css]
[sadim2.github.io/wordpress12/wp-content/plugins/elementor/assets/css/frontend.minc578.css]
[sadim2.github.io/wordpress12/wp-content/uploads/elementor/css/post-333bf67.css]
[sadim2.github.io/wordpress12/wp-content/plugins/elementor/assets/lib/font-awesome/css/v4-shims.minc578.css]
[sadim2.github.io/wordpress12/wp-content/plugins/header-footer-elementor/inc/widgets-css/frontende225.css]
[sadim2.github.io/wordpress12/wp-content/uploads/elementor/css/post-566f001.css]
[sadim2.github.io/wordpress12/wp-content/uploads/elementor/css/post-292f001.css]
[sadim2.github.io/wordpress12/wp-content/plugins/elementor/assets/lib/font-awesome/css/all.minc578.css]
[sadim2.github.io/wordpress12/wp-content/plugins/elementor/assets/lib/font-awesome/css/fontawesome.minb683.css]
[sadim2.github.io/wordpress12/wp-content/plugins/elementor/assets/lib/font-awesome/css/regular.minb683.css]
[sadim2.github.io/wordpress12/wp-content/plugins/elementor/assets/lib/font-awesome/css/solid.minb683.css]
[sadim2.github.io/wordpress12/wp-content/plugins/elementor/assets/lib/font-awesome/js/v4-shims.minc578.js]
[sadim2.github.io/wordpress12/index.php/wp-json/wp/v2/pages/566]
[sadim2.github.io/wordpress12/xmlrpc0db0.php]
[sadim2.github.io/wordpress12/index.php/wp-json/index.html]
[sadim2.github.io/wordpress12/wp-includes/wlwmanifest.xml]
[sadim2.github.io/wordpress12/index.php/wp-json/oembed/1.0/embedea6e]
[sadim2.github.io/wordpress12/index.php/wp-json/oembed/1.0/embed1ab3]
[sadim2.github.io/wordpress12/wp-content/uploads/2020/12/logo.png]
[sadim2.github.io/wordpress12/wp-content/uploads/2020/12/logo1.png]
[sadim2.github.io/wordpress12/wp-content/uploads/2019/12/lady-accountant.png]
[sadim2.github.io/wordpress12/index.php/about/index.html]
[sadim2.github.io/wordpress12/wp-content/uploads/2019/06/feature2-free-img.png]
[sadim2.github.io/wordpress12/index.php/services/index.html]
[sadim2.github.io/wordpress12/index.php/why-choose-me/index.html]
[sadim2.github.io/wordpress12/wp-content/uploads/2019/06/feature1-free-img.png]
[sadim2.github.io/wordpress12/index.php/testimonials/index.html]
[sadim2.github.io/wordpress12/index.php/contact/index.html]
[sadim2.github.io/wordpress12/wp-content/uploads/2019/06/feature3-free-img.png]
[sadim2.github.io/wordpress12/wp-content/uploads/2018/08/logo-10-free-img-150x150.jpg]
[sadim2.github.io/wordpress12/wp-content/uploads/2018/08/logo-09-free-img-150x150.jpg]
[sadim2.github.io/wordpress12/wp-content/uploads/2018/08/logo-08-free-img-150x150.jpg]
[sadim2.github.io/wordpress12/wp-content/uploads/2018/08/logo-06-free-img-150x150.jpg]
[sadim2.github.io/wordpress12/wp-content/uploads/2018/08/logo-07-free-img-150x150.jpg]
[sadim2.github.io/wordpress12/wp-content/uploads/2018/08/logo-05-free-img-150x150.jpg]
[sadim2.github.io/wordpress12/wp-content/plugins/wpforms-lite/assets/css/wpforms-base.minbb89.css]
[sadim2.github.io/wordpress12/wp-content/themes/astra/assets/js/minified/style.minc141.js]
[sadim2.github.io/wordpress12/wp-includes/js/wp-embed.mind03b.js]
[sadim2.github.io/wordpress12/wp-includes/js/jquery/jquery4a5f.js]
[sadim2.github.io/wordpress12/wp-includes/js/jquery/ui/position.mine899.js]
[sadim2.github.io/wordpress12/wp-content/plugins/elementor/assets/js/frontend-modules.minc578.js]
[sadim2.github.io/wordpress12/wp-content/plugins/elementor/assets/lib/dialog/dialog.mina288.js]
[sadim2.github.io/wordpress12/wp-content/plugins/elementor/assets/lib/waypoints/waypoints.min05da.js]
[sadim2.github.io/wordpress12/wp-content/plugins/elementor/assets/lib/swiper/swiper.min48f5.js]
[sadim2.github.io/wordpress12/wp-content/plugins/elementor/assets/lib/share-link/share-link.minc578.js]
[sadim2.github.io/wordpress12/wp-content/plugins/elementor/assets/js/frontend.minc578.js]
[sadim2.github.io/wordpress12/wp-includes/js/wp-util.mind03b.js]
[sadim2.github.io/wordpress12/wp-includes/js/underscore.min4511.js]
[sadim2.github.io/wordpress12/wp-content/plugins/wpforms-lite/assets/js/integrations/elementor/frontend.minbb89.js]
[sadim2.github.io/wordpress12/wp-content/plugins/wpforms-lite/assets/js/jquery.validate.minb3a6.js]
[sadim2.github.io/wordpress12/wp-content/plugins/wpforms-lite/assets/js/mailcheck.mincfa9.js]
[sadim2.github.io/wordpress12/wp-content/plugins/wpforms-lite/assets/js/wpformsbb89.js]
[sadim2.github.io/wordpress12/index.html]
[sadim2.github.io/wordpress12/index.php/feed/index.html]
[sadim2.github.io/wordpress12/index.php/comments/feed/index.html]
[sadim2.github.io/wordpress12/wp-content/themes/astra/assets/css/minified/style.minc141.css]
[sadim2.github.io/wordpress12/wp-includes/css/dist/block-library/style.mind03b.css]
[sadim2.github.io/wordpress12/wp-content/plugins/header-footer-elementor/assets/css/header-footer-elementore225.css]
[sadim2.github.io/wordpress12/wp-content/plugins/elementor/assets/lib/eicons/fonts/eiconsc2cd.eot]
[sadim2.github.io/wordpress12/wp-content/plugins/elementor/assets/lib/eicons/fonts/eiconsc2cd.woff2]
[sadim2.github.io/wordpress12/wp-content/plugins/elementor/assets/lib/eicons/fonts/eiconsc2cd.woff]
[sadim2.github.io/wordpress12/wp-content/plugins/elementor/assets/lib/eicons/fonts/eiconsc2cd.ttf]
[sadim2.github.io/wordpress12/wp-content/plugins/elementor/assets/lib/eicons/css/elementor-icons.min74e5.css]
[sadim2.github.io/wordpress12/wp-content/plugins/elementor/assets/lib/animations/animations.minc578.css]
[sadim2.github.io/wordpress12/wp-content/plugins/elementor/assets/css/frontend-legacy.minc578.css]
[sadim2.github.io/wordpress12/wp-content/plugins/elementor/assets/css/frontend.minc578.css]
[sadim2.github.io/wordpress12/wp-content/uploads/elementor/css/post-333bf67.css]
[sadim2.github.io/wordpress12/wp-content/plugins/elementor/assets/lib/eicons/fonts/eiconsc2cd.svg]
[sadim2.github.io/wordpress12/wp-content/plugins/elementor/assets/lib/font-awesome/webfonts/fa-brands-400.eot]
[sadim2.github.io/wordpress12/wp-content/plugins/elementor/assets/lib/font-awesome/webfonts/fa-brands-400d41d.eot]
[sadim2.github.io/wordpress12/wp-content/plugins/elementor/assets/lib/font-awesome/webfonts/fa-brands-400.woff2]
[sadim2.github.io/wordpress12/wp-content/plugins/elementor/assets/lib/font-awesome/webfonts/fa-brands-400.woff]
[sadim2.github.io/wordpress12/wp-content/plugins/elementor/assets/lib/font-awesome/webfonts/fa-brands-400.ttf]
[sadim2.github.io/wordpress12/wp-content/plugins/elementor/assets/lib/font-awesome/webfonts/fa-brands-400.svg]
[sadim2.github.io/wordpress12/wp-content/plugins/elementor/assets/lib/font-awesome/webfonts/fa-regular-400.eot]
[sadim2.github.io/wordpress12/wp-content/plugins/elementor/assets/lib/font-awesome/webfonts/fa-regular-400d41d.eot]
[sadim2.github.io/wordpress12/wp-content/plugins/elementor/assets/lib/font-awesome/webfonts/fa-regular-400.woff2]
[sadim2.github.io/wordpress12/wp-content/plugins/elementor/assets/lib/font-awesome/webfonts/fa-regular-400.woff]
[sadim2.github.io/wordpress12/wp-content/plugins/elementor/assets/lib/font-awesome/webfonts/fa-regular-400.ttf]
[sadim2.github.io/wordpress12/wp-content/plugins/elementor/assets/lib/font-awesome/webfonts/fa-regular-400.svg]
[sadim2.github.io/wordpress12/wp-content/plugins/elementor/assets/lib/font-awesome/webfonts/fa-solid-900.eot]
[sadim2.github.io/wordpress12/wp-content/plugins/elementor/assets/lib/font-awesome/webfonts/fa-solid-900d41d.eot]
[sadim2.github.io/wordpress12/wp-content/plugins/elementor/assets/lib/font-awesome/webfonts/fa-solid-900.woff2]
[sadim2.github.io/wordpress12/wp-content/plugins/elementor/assets/lib/font-awesome/webfonts/fa-solid-900.woff]
[sadim2.github.io/wordpress12/wp-content/plugins/elementor/assets/lib/font-awesome/webfonts/fa-solid-900.ttf]
[sadim2.github.io/wordpress12/wp-content/plugins/elementor/assets/lib/font-awesome/css/all.minc578.css]
[sadim2.github.io/wordpress12/wp-content/plugins/elementor/assets/lib/font-awesome/css/v4-shims.minc578.css]
[sadim2.github.io/wordpress12/wp-content/plugins/header-footer-elementor/inc/widgets-css/frontende225.css]
[sadim2.github.io/wordpress12/wp-content/plugins/elementor/assets/lib/font-awesome/webfonts/fa-solid-900.svg]
[sadim2.github.io/wordpress12/wp-content/uploads/elementor/css/post-566f001.css]
[sadim2.github.io/wordpress12/wp-content/uploads/elementor/css/post-292f001.css]
[sadim2.github.io/wordpress12/wp-content/plugins/elementor/assets/lib/font-awesome/css/fontawesome.minb683.css]
[sadim2.github.io/wordpress12/wp-content/plugins/elementor/assets/lib/font-awesome/css/regular.minb683.css]
[sadim2.github.io/wordpress12/wp-content/plugins/elementor/assets/lib/font-awesome/css/solid.minb683.css]
[sadim2.github.io/wordpress12/index.php/wp-json/index.html]
[sadim2.github.io/wordpress12/index.php/wp-json/wp/v2/pages/566.html]
[sadim2.github.io/wordpress12/index.php/wp-json/oembed/1.0/embedea6e.html]
[sadim2.github.io/wordpress12/index.php/wp-json/oembed/1.0/embed1ab3.html]
[sadim2.github.io/wordpress12/index.php/about/index.html]
[sadim2.github.io/wordpress12/index.php/services/index.html]
[sadim2.github.io/wordpress12/index.php/why-choose-me/index.html]
[sadim2.github.io/wordpress12/index.php/testimonials/index.html]
[sadim2.github.io/wordpress12/index.php/contact/index.html]
[sadim2.github.io/wordpress12/wp-content/plugins/wpforms-lite/assets/images/times-solid-white.svg]
[sadim2.github.io/wordpress12/wp-content/plugins/wpforms-lite/assets/css/wpforms-base.minbb89.css]
[sadim2.github.io/wordpress12/wp-content/plugins/elementor/assets/lib/eicons/fonts/eiconsc2cd.svg]
[sadim2.github.io/wordpress12/wp-content/plugins/elementor/assets/lib/font-awesome/webfonts/fa-brands-400.svg]
[sadim2.github.io/wordpress12/wp-content/plugins/elementor/assets/lib/font-awesome/webfonts/fa-regular-400.svg]
[sadim2.github.io/wordpress12/wp-content/plugins/elementor/assets/lib/font-awesome/webfonts/fa-solid-900.svg]
[sadim2.github.io/wordpress12/wp-content/plugins/wpforms-lite/assets/images/times-solid-white.svg]
[localhost/wordpress12/wp-content/uploads/2018/08/bg-01-free-img.jpg]
